Loading conda version miniforge3-24.7.1
Loading cuda version 12.1
[09/01/2025 23:57:40 scripts INFO] Starting experiment SP+DiffGlue_megadepth_sampson_11
[09/01/2025 23:57:43 scripts INFO] Restoring from previous training of SP+DiffGlue_megadepth_sampson_11
[09/01/2025 23:57:43 scripts INFO] Restoring from checkpoint checkpoint_34_49500.tar
[09/01/2025 23:58:09 scripts INFO] Using device cuda
[09/01/2025 23:58:13 scripts.datasets.base_dataset INFO] Creating dataset MegaDepth
[09/01/2025 23:58:14 scripts.datasets.megadepth INFO] Sampling new train data with seed 0.
[09/02/2025 00:00:20 scripts.datasets.megadepth INFO] Sampling new val data with seed 0.
[09/02/2025 00:00:20 scripts INFO] Training loader has 1434 batches
[09/02/2025 00:00:20 scripts INFO] Validation loader has 47 batches
Traceback (most recent call last):
  File "/work/pi_hzhang2_umass_edu/suyoungkang_umass_edu/.conda/envs/diffglue/lib/python3.9/runpy.py", line 197, in _run_module_as_main
    return _run_code(code, main_globals, None,
  File "/work/pi_hzhang2_umass_edu/suyoungkang_umass_edu/.conda/envs/diffglue/lib/python3.9/runpy.py", line 87, in _run_code
    exec(code, run_globals)
  File "/work/pi_hzhang2_umass_edu/suyoungkang_umass_edu/Git/DiffGlue/DiffGlue/scripts/train.py", line 683, in <module>
    main_worker(0, conf, output_dir, args)
  File "/work/pi_hzhang2_umass_edu/suyoungkang_umass_edu/Git/DiffGlue/DiffGlue/scripts/train.py", line 620, in main_worker
    training(rank, conf, output_dir, args)
  File "/work/pi_hzhang2_umass_edu/suyoungkang_umass_edu/Git/DiffGlue/DiffGlue/scripts/train.py", line 290, in training
    model = get_model(conf.model.name)(conf.model).to(device)
  File "/work/pi_hzhang2_umass_edu/suyoungkang_umass_edu/.conda/envs/diffglue/lib/python3.9/site-packages/torch/nn/modules/module.py", line 1145, in to
    return self._apply(convert)
  File "/work/pi_hzhang2_umass_edu/suyoungkang_umass_edu/.conda/envs/diffglue/lib/python3.9/site-packages/torch/nn/modules/module.py", line 797, in _apply
    module._apply(fn)
  File "/work/pi_hzhang2_umass_edu/suyoungkang_umass_edu/.conda/envs/diffglue/lib/python3.9/site-packages/torch/nn/modules/module.py", line 797, in _apply
    module._apply(fn)
  File "/work/pi_hzhang2_umass_edu/suyoungkang_umass_edu/.conda/envs/diffglue/lib/python3.9/site-packages/torch/nn/modules/module.py", line 820, in _apply
    param_applied = fn(param)
  File "/work/pi_hzhang2_umass_edu/suyoungkang_umass_edu/.conda/envs/diffglue/lib/python3.9/site-packages/torch/nn/modules/module.py", line 1143, in convert
    return t.to(device, dtype if t.is_floating_point() or t.is_complex() else None, non_blocking)
RuntimeError: CUDA error: uncorrectable ECC error encountered
CUDA kernel errors might be asynchronously reported at some other API call, so the stacktrace below might be incorrect.
For debugging consider passing CUDA_LAUNCH_BLOCKING=1.
Compile with `TORCH_USE_CUDA_DSA` to enable device-side assertions.

