Loading conda version miniforge3-24.7.1
Loading cuda version 12.1
[11/17/2025 18:24:21 scripts INFO] Starting experiment SP+DiffGlue_megadepth_detecterfree_1
[11/17/2025 18:24:27 scripts INFO] Using device cuda
[11/17/2025 18:24:40 scripts.datasets.base_dataset INFO] Creating dataset MegaDepth
[11/17/2025 18:25:00 scripts.datasets.megadepth INFO] Sampling new train data with seed 0.
[11/17/2025 18:28:02 scripts.datasets.megadepth INFO] Sampling new val data with seed 0.
[11/17/2025 18:28:02 scripts INFO] Training loader has 2868 batches
[11/17/2025 18:28:02 scripts INFO] Validation loader has 94 batches
[11/17/2025 18:28:08 scripts INFO] Parameters with scaled learning rate:
{}
[11/17/2025 18:28:08 scripts INFO] Training with mixed_precision=None
[11/17/2025 18:28:08 scripts INFO] Starting training with configuration:
data:
  name: megadepth
  preprocessing:
    resize: 1024
    side: long
    square_pad: true
  train_split: train_scenes_clean.txt
  train_num_per_scene: 300
  val_split: valid_scenes_clean.txt
  val_pairs: valid_pairs.txt
  min_overlap: 0.1
  max_overlap: 0.7
  num_overlap_bins: 3
  read_depth: true
  read_image: true
  batch_size: 16
  num_workers: 8
  load_features:
    do: false
    path: exports/megadepth-undist-depth-r1024_SP-k2048-nms3/{scene}.h5
    padding_length: 2048
    padding_fn: pad_local_features
model:
  name: two_view_pipeline
  extractor:
    name: extractors.superpoint
    max_num_keypoints: 1024
    force_num_keypoints: true
    detection_threshold: 0.0
    nms_radius: 3
    trainable: false
  matcher:
    name: matchers.diffglue
    filter_threshold: 0.1
    flash: false
    checkpointed: true
    n_layers: 9
    scale: 2
    epipolar: enabled
    epi_weight: 1.0
    matcher_loss_weight: 0.1
  ground_truth:
    name: matchers.depth_matcher
    th_positive: 3
    th_negative: 5
    th_epi: 5
  diffuser:
    name: diffusers.diffuser
    steps: 4096
    learn_sigma: false
    sigma_small: false
    noise_schedule: linear
    use_kl: false
    predict_xstart: true
    rescale_timesteps: true
    rescale_learned_sigmas: true
    timestep_respacing: ''
    ddim_steps: 2
    schedule_sampler: uniform
    use_ddim: true
    clip_denoised: true
    diffuser_loss_weight: 1
    scale: 2
  allow_no_extract: true
train:
  seed: 0
  epochs: 40
  optimizer: adam
  opt_regexp: null
  optimizer_options: {}
  lr: 0.0001
  lr_schedule:
    type: exp
    start: 3
    exp_div_10: 10
    on_epoch: true
    factor: 1.0
    options: {}
  lr_scaling:
  - - 100
    - - dampingnet.const
  eval_every_iter: 1000
  save_every_iter: 500
  log_every_iter: 100
  log_grad_every_iter: null
  test_every_epoch: 1
  keep_last_checkpoints: 10
  load_experiment: null
  median_metrics: []
  recall_metrics: {}
  pr_metrics: {}
  best_key: loss/total
  dataset_callback_fn: sample_new_items
  dataset_callback_on_val: false
  clip_grad: null
  pr_curves: {}
  plot: null
  submodules: []
benchmarks:
  megadepth1500:
    data:
      preprocessing:
        side: long
        resize: 1600
    eval:
      estimator: opencv
      ransac_th: 0.5
  hpatches:
    eval:
      estimator: opencv
      ransac_th: 0.5
    model:
      extractor:
        max_num_keypoints: 1024

[11/17/2025 18:28:08 scripts INFO] Starting epoch 0
[11/17/2025 18:28:08 scripts INFO] Running eval on megadepth1500
[11/17/2025 18:28:08 scripts.datasets.base_dataset INFO] Creating dataset ImagePairs
  0%|          | 0/1500 [00:00<?, ?it/s]> /work/pi_hzhang2_umass_edu/suyoungkang_umass_edu/Git/DiffGlue/DiffGlue/scripts/models/extractors/superpoint.py(205)_forward()
-> if image.shape[1] == 3:  # RGB
(Pdb)   0%|          | 0/1500 [00:02<?, ?it/s]

Traceback (most recent call last):
  File "/work/pi_hzhang2_umass_edu/suyoungkang_umass_edu/.conda/envs/diffglue/lib/python3.9/runpy.py", line 197, in _run_module_as_main
    return _run_code(code, main_globals, None,
  File "/work/pi_hzhang2_umass_edu/suyoungkang_umass_edu/.conda/envs/diffglue/lib/python3.9/runpy.py", line 87, in _run_code
    exec(code, run_globals)
  File "/work/pi_hzhang2_umass_edu/suyoungkang_umass_edu/Git/DiffGlue/DiffGlue/scripts/train.py", line 683, in <module>
    main_worker(0, conf, output_dir, args)
  File "/work/pi_hzhang2_umass_edu/suyoungkang_umass_edu/Git/DiffGlue/DiffGlue/scripts/train.py", line 620, in main_worker
    training(rank, conf, output_dir, args)
  File "/work/pi_hzhang2_umass_edu/suyoungkang_umass_edu/Git/DiffGlue/DiffGlue/scripts/train.py", line 372, in training
    s, f, r = run_benchmark(
  File "/work/pi_hzhang2_umass_edu/suyoungkang_umass_edu/.conda/envs/diffglue/lib/python3.9/site-packages/torch/utils/_contextlib.py", line 115, in decorate_context
    return func(*args, **kwargs)
  File "/work/pi_hzhang2_umass_edu/suyoungkang_umass_edu/Git/DiffGlue/DiffGlue/scripts/eval/__init__.py", line 18, in run_benchmark
    return pipeline.run(
  File "/work/pi_hzhang2_umass_edu/suyoungkang_umass_edu/Git/DiffGlue/DiffGlue/scripts/eval/eval_pipeline.py", line 83, in run
    pred_file = self.get_predictions(
  File "/work/pi_hzhang2_umass_edu/suyoungkang_umass_edu/Git/DiffGlue/DiffGlue/scripts/eval/megadepth1500.py", line 87, in get_predictions
    export_predictions(
  File "/work/pi_hzhang2_umass_edu/suyoungkang_umass_edu/.conda/envs/diffglue/lib/python3.9/site-packages/torch/utils/_contextlib.py", line 115, in decorate_context
    return func(*args, **kwargs)
  File "/work/pi_hzhang2_umass_edu/suyoungkang_umass_edu/Git/DiffGlue/DiffGlue/scripts/utils/export_predictions.py", line 34, in export_predictions
    pred = model(data)
  File "/work/pi_hzhang2_umass_edu/suyoungkang_umass_edu/.conda/envs/diffglue/lib/python3.9/site-packages/torch/nn/modules/module.py", line 1501, in _call_impl
    return forward_call(*args, **kwargs)
  File "/work/pi_hzhang2_umass_edu/suyoungkang_umass_edu/Git/DiffGlue/DiffGlue/scripts/models/base_model.py", line 114, in forward
    return self._forward(data)
  File "/work/pi_hzhang2_umass_edu/suyoungkang_umass_edu/Git/DiffGlue/DiffGlue/scripts/models/two_view_pipeline.py", line 79, in _forward
    pred0 = self.extract_view(data, "0")
  File "/work/pi_hzhang2_umass_edu/suyoungkang_umass_edu/Git/DiffGlue/DiffGlue/scripts/models/two_view_pipeline.py", line 73, in extract_view
    pred_i = {**pred_i, **self.extractor(data_i)}
  File "/work/pi_hzhang2_umass_edu/suyoungkang_umass_edu/.conda/envs/diffglue/lib/python3.9/site-packages/torch/nn/modules/module.py", line 1501, in _call_impl
    return forward_call(*args, **kwargs)
  File "/work/pi_hzhang2_umass_edu/suyoungkang_umass_edu/Git/DiffGlue/DiffGlue/scripts/models/base_model.py", line 114, in forward
    return self._forward(data)
  File "/work/pi_hzhang2_umass_edu/suyoungkang_umass_edu/Git/DiffGlue/DiffGlue/scripts/models/extractors/superpoint.py", line 205, in _forward
    if image.shape[1] == 3:  # RGB
  File "/work/pi_hzhang2_umass_edu/suyoungkang_umass_edu/Git/DiffGlue/DiffGlue/scripts/models/extractors/superpoint.py", line 205, in _forward
    if image.shape[1] == 3:  # RGB
  File "/work/pi_hzhang2_umass_edu/suyoungkang_umass_edu/.conda/envs/diffglue/lib/python3.9/bdb.py", line 88, in trace_dispatch
    return self.dispatch_line(frame)
  File "/work/pi_hzhang2_umass_edu/suyoungkang_umass_edu/.conda/envs/diffglue/lib/python3.9/bdb.py", line 113, in dispatch_line
    if self.quitting: raise BdbQuit
bdb.BdbQuit
