Loading conda version miniforge3-24.7.1
Loading cuda version 12.1
[09/01/2025 23:57:13 scripts INFO] Starting experiment SP+DiffGlue_megadepth_sampson_1
[09/01/2025 23:57:14 scripts INFO] Restoring from previous training of SP+DiffGlue_megadepth_sampson_1
[09/01/2025 23:57:14 scripts INFO] Restoring from checkpoint checkpoint_39_57359.tar
[09/01/2025 23:57:43 scripts INFO] Using device cuda
[09/01/2025 23:57:48 scripts.datasets.base_dataset INFO] Creating dataset MegaDepth
[09/01/2025 23:57:49 scripts.datasets.megadepth INFO] Sampling new train data with seed 0.
[09/02/2025 00:00:20 scripts.datasets.megadepth INFO] Sampling new val data with seed 0.
[09/02/2025 00:00:20 scripts INFO] Training loader has 1434 batches
[09/02/2025 00:00:20 scripts INFO] Validation loader has 47 batches
[09/02/2025 00:00:22 scripts INFO] Parameters with scaled learning rate:
{}
[09/02/2025 00:00:22 scripts INFO] Training with mixed_precision=None
[09/02/2025 00:00:22 scripts INFO] Starting training with configuration:
data:
  name: megadepth
  preprocessing:
    resize: 1024
    side: long
    square_pad: true
  train_split: train_scenes_clean.txt
  train_num_per_scene: 300
  val_split: valid_scenes_clean.txt
  val_pairs: valid_pairs.txt
  min_overlap: 0.1
  max_overlap: 0.7
  num_overlap_bins: 3
  read_depth: true
  read_image: true
  batch_size: 32
  num_workers: 8
  load_features:
    do: true
    path: exports/megadepth-undist-depth-r1024_SP-k2048-nms3/{scene}.h5
    padding_length: 2048
    padding_fn: pad_local_features
model:
  name: two_view_pipeline
  run_gt_in_forward: true
  extractor:
    name: extractors.superpoint
    max_num_keypoints: 2048
    force_num_keypoints: true
    detection_threshold: 0.0
    nms_radius: 3
    trainable: false
  ground_truth:
    name: matchers.depth_matcher
    th_positive: 3
    th_negative: 5
    th_epi: 5
  diffuser:
    name: diffusers.diffuser
    steps: 4096
    learn_sigma: false
    sigma_small: false
    noise_schedule: linear
    use_kl: false
    predict_xstart: true
    rescale_timesteps: true
    rescale_learned_sigmas: true
    timestep_respacing: ''
    ddim_steps: 2
    schedule_sampler: uniform
    use_ddim: true
    clip_denoised: true
    diffuser_loss_weight: 1
    scale: 2
  matcher:
    name: matchers.diffglue
    filter_threshold: 0.1
    flash: false
    checkpointed: true
    n_layers: 9
    scale: 2
    epipolar: enabled
    epi_weight: 0.1
    matcher_loss_weight: 0.1
  allow_no_extract: true
train:
  seed: 0
  epochs: 40
  optimizer: adam
  opt_regexp: null
  optimizer_options: {}
  lr: 0.0001
  lr_schedule:
    type: exp
    start: 3
    exp_div_10: 10
    on_epoch: true
    factor: 1.0
    options: {}
  lr_scaling:
  - - 100
    - - dampingnet.const
  eval_every_iter: 1000
  save_every_iter: 500
  log_every_iter: 100
  log_grad_every_iter: null
  test_every_epoch: 1
  keep_last_checkpoints: 10
  load_experiment: SP+DiffGlue_homography
  median_metrics: []
  recall_metrics: {}
  pr_metrics: {}
  best_key: loss/total
  dataset_callback_fn: sample_new_items
  dataset_callback_on_val: false
  clip_grad: null
  pr_curves: {}
  plot: null
  submodules: []
benchmarks:
  megadepth1500:
    data:
      preprocessing:
        side: long
        resize: 1600
    eval:
      estimator: opencv
      ransac_th: 0.5
  hpatches:
    eval:
      estimator: opencv
      ransac_th: 0.5
    model:
      extractor:
        max_num_keypoints: 1024

[09/02/2025 00:00:22 scripts INFO] Finished training on process 0.
